have_func: checking for rb_enc_interned_str() in ruby/encoding.h... -------------------- yes

PATH=".;C:/Ruby40-x64/lib;C:\Ruby40-x64\bin;C:\Ruby40-x64\msys64\ucrt64\bin;C:\Ruby40-x64\msys64\usr\bin;C:\Program Files\Common Files\Oracle\Java\javapath;C:\WINDOWS\system32;C:\WINDOWS;C:\WINDOWS\System32\Wbem;C:\WINDOWS\System32\WindowsPowerShell\v1.0\;C:\WINDOWS\System32\OpenSSH\;C:\Program Files\Intel\WiFi\bin\;C:\Program Files\Common Files\Intel\WirelessCommon\;C:\Program Files (x86)\Intel\Intel(R) Management Engine Components\DAL;C:\Program Files\Intel\Intel(R) Management Engine Components\DAL;C:\Program Files\Docker\Docker\resources\bin;C:\ProgramData\DockerDesktop\version-bin;C:\Program Files\HP\HP One Agent;C:\WINDOWS\system32;C:\WINDOWS;C:\WINDOWS\System32\Wbem;C:\WINDOWS\System32\WindowsPowerShell\v1.0\;C:\WINDOWS\System32\OpenSSH\;C:\Program Files (x86)\gnupg\bin;C:\Program Files\MiKTeX\miktex\bin\x64\;C:\Program Files\TortoiseSVN\bin;C:\Program Files\MiKTeXR\miktex\bin\x64\;C:\Program Files\Git\cmd;C:\Program Files (x86)\Gpg4win\..\GnuPG\bin;C:\Ruby40-x64\bin;C:\Program Files\Common Files\Oracle\Java\javapath;C:\WINDOWS\system32;C:\WINDOWS;C:\WINDOWS\System32\Wbem;C:\WINDOWS\System32\WindowsPowerShell\v1.0\;C:\WINDOWS\System32\OpenSSH\;C:\Program Files\Intel\WiFi\bin\;C:\Program Files\Common Files\Intel\WirelessCommon\;C:\Program Files (x86)\Intel\Intel(R) Management Engine Components\DAL;C:\Program Files\Intel\Intel(R) Management Engine Components\DAL;C:\Program Files\Docker\Docker\resources\bin;C:\ProgramData\DockerDesktop\version-bin;C:\Program Files\HP\HP One Agent;C:\WINDOWS\system32;C:\WINDOWS;C:\WINDOWS\System32\Wbem;C:\WINDOWS\System32\WindowsPowerShell\v1.0\;C:\WINDOWS\System32\OpenSSH\;C:\Program Files (x86)\gnupg\bin;C:\Program Files\MiKTeX\miktex\bin\x64\;C:\Program Files\TortoiseSVN\bin;C:\Program Files\MiKTeXR\miktex\bin\x64\;C:\Program Files\Git\cmd;C:\Program Files (x86)\Gpg4win\..\GnuPG\bin;C:\Users\priva\AppData\Local\Microsoft\WindowsApps;C:\Users\priva\AppData\Local\Programs\Microsoft VS Code\bin;C:\Program Files\PostgreSQL\13\bin;C:\Program Files\openjdk-15.0.1_windows-x64_bin\jdk-15.0.1\bin;C:\apache-maven-3.6.3-bin\apache-maven-3.6.3\bin;C:\Users\priva\AppData\Local\JetBrains\Toolbox\scripts;C:\Users\priva\AppData\Local\Microsoft\WindowsApps;C:\Program Files\JetBrains\PyCharm 2025.2.4\bin;C:\texlive\2025\bin\windows;C:\Users\priva\AppData\Local\GitHubDesktop\bin;C:\Program Files\TortoiseSVN\bin;C:\Users\priva\.local\bin;C:\Users\priva\AppData\Local\Programs\cursor\resources\app\bin;C:\Users\priva\AppData\Local\Programs\Antigravity\bin;C:\Program Files\JetBrains\PyCharm 2026.1.2\bin" LSAN_OPTIONS=detect_leaks=0 "gcc -o conftest.exe -IC:/Ruby40-x64/include/ruby-4.0.0/x64-mingw-ucrt -IC:/Ruby40-x64/include/ruby-4.0.0/ruby/backward -IC:/Ruby40-x64/include/ruby-4.0.0 -I. -D_WIN32_WINNT=0x0600 -D__MINGW_USE_VC2005_COMPAT -D_FILE_OFFSET_BITS=64  -O3 -fstack-protector-strong conftest.c -L. -LC:/Ruby40-x64/lib -L. -pipe -s -fstack-protector-strong -lpthread -Wl,--no-as-needed     -lx64-ucrt-ruby400  -lshell32 -lws2_32 -liphlpapi -limagehlp -lshlwapi -lbcrypt  "
checked program was:
/* begin */
1: #include "ruby.h"
2: 
3: #include <winsock2.h>
4: #include <windows.h>
5: int main(int argc, char **argv)
6: {
7:   return !!argv[argc];
8: }
/* end */

PATH=".;C:/Ruby40-x64/lib;C:\Ruby40-x64\bin;C:\Ruby40-x64\msys64\ucrt64\bin;C:\Ruby40-x64\msys64\usr\bin;C:\Program Files\Common Files\Oracle\Java\javapath;C:\WINDOWS\system32;C:\WINDOWS;C:\WINDOWS\System32\Wbem;C:\WINDOWS\System32\WindowsPowerShell\v1.0\;C:\WINDOWS\System32\OpenSSH\;C:\Program Files\Intel\WiFi\bin\;C:\Program Files\Common Files\Intel\WirelessCommon\;C:\Program Files (x86)\Intel\Intel(R) Management Engine Components\DAL;C:\Program Files\Intel\Intel(R) Management Engine Components\DAL;C:\Program Files\Docker\Docker\resources\bin;C:\ProgramData\DockerDesktop\version-bin;C:\Program Files\HP\HP One Agent;C:\WINDOWS\system32;C:\WINDOWS;C:\WINDOWS\System32\Wbem;C:\WINDOWS\System32\WindowsPowerShell\v1.0\;C:\WINDOWS\System32\OpenSSH\;C:\Program Files (x86)\gnupg\bin;C:\Program Files\MiKTeX\miktex\bin\x64\;C:\Program Files\TortoiseSVN\bin;C:\Program Files\MiKTeXR\miktex\bin\x64\;C:\Program Files\Git\cmd;C:\Program Files (x86)\Gpg4win\..\GnuPG\bin;C:\Ruby40-x64\bin;C:\Program Files\Common Files\Oracle\Java\javapath;C:\WINDOWS\system32;C:\WINDOWS;C:\WINDOWS\System32\Wbem;C:\WINDOWS\System32\WindowsPowerShell\v1.0\;C:\WINDOWS\System32\OpenSSH\;C:\Program Files\Intel\WiFi\bin\;C:\Program Files\Common Files\Intel\WirelessCommon\;C:\Program Files (x86)\Intel\Intel(R) Management Engine Components\DAL;C:\Program Files\Intel\Intel(R) Management Engine Components\DAL;C:\Program Files\Docker\Docker\resources\bin;C:\ProgramData\DockerDesktop\version-bin;C:\Program Files\HP\HP One Agent;C:\WINDOWS\system32;C:\WINDOWS;C:\WINDOWS\System32\Wbem;C:\WINDOWS\System32\WindowsPowerShell\v1.0\;C:\WINDOWS\System32\OpenSSH\;C:\Program Files (x86)\gnupg\bin;C:\Program Files\MiKTeX\miktex\bin\x64\;C:\Program Files\TortoiseSVN\bin;C:\Program Files\MiKTeXR\miktex\bin\x64\;C:\Program Files\Git\cmd;C:\Program Files (x86)\Gpg4win\..\GnuPG\bin;C:\Users\priva\AppData\Local\Microsoft\WindowsApps;C:\Users\priva\AppData\Local\Programs\Microsoft VS Code\bin;C:\Program Files\PostgreSQL\13\bin;C:\Program Files\openjdk-15.0.1_windows-x64_bin\jdk-15.0.1\bin;C:\apache-maven-3.6.3-bin\apache-maven-3.6.3\bin;C:\Users\priva\AppData\Local\JetBrains\Toolbox\scripts;C:\Users\priva\AppData\Local\Microsoft\WindowsApps;C:\Program Files\JetBrains\PyCharm 2025.2.4\bin;C:\texlive\2025\bin\windows;C:\Users\priva\AppData\Local\GitHubDesktop\bin;C:\Program Files\TortoiseSVN\bin;C:\Users\priva\.local\bin;C:\Users\priva\AppData\Local\Programs\cursor\resources\app\bin;C:\Users\priva\AppData\Local\Programs\Antigravity\bin;C:\Program Files\JetBrains\PyCharm 2026.1.2\bin" LSAN_OPTIONS=detect_leaks=0 "gcc -o conftest.exe -IC:/Ruby40-x64/include/ruby-4.0.0/x64-mingw-ucrt -IC:/Ruby40-x64/include/ruby-4.0.0/ruby/backward -IC:/Ruby40-x64/include/ruby-4.0.0 -I. -D_WIN32_WINNT=0x0600 -D__MINGW_USE_VC2005_COMPAT -D_FILE_OFFSET_BITS=64  -O3 -fstack-protector-strong conftest.c -L. -LC:/Ruby40-x64/lib -L. -pipe -s -fstack-protector-strong -lpthread -Wl,--no-as-needed     -lx64-ucrt-ruby400  -lshell32 -lws2_32 -liphlpapi -limagehlp -lshlwapi -lbcrypt  "
checked program was:
/* begin */
 1: #include "ruby.h"
 2: 
 3: #include <winsock2.h>
 4: #include <windows.h>
 5: #include <ruby/encoding.h>
 6: 
 7: /*top*/
 8: extern int t(void);
 9: int main(int argc, char **argv)
10: {
11:   if (argc > 1000000) {
12:     int (* volatile tp)(void)=(int (*)(void))&t;
13:     printf("%d", (*tp)());
14:   }
15: 
16:   return !!argv[argc];
17: }
18: int t(void) { void ((*volatile p)()); p = (void ((*)()))rb_enc_interned_str; return !p; }
/* end */

--------------------

have_func: checking for rb_str_to_interned_str() in ruby.h... -------------------- yes

PATH=".;C:/Ruby40-x64/lib;C:\Ruby40-x64\bin;C:\Ruby40-x64\msys64\ucrt64\bin;C:\Ruby40-x64\msys64\usr\bin;C:\Program Files\Common Files\Oracle\Java\javapath;C:\WINDOWS\system32;C:\WINDOWS;C:\WINDOWS\System32\Wbem;C:\WINDOWS\System32\WindowsPowerShell\v1.0\;C:\WINDOWS\System32\OpenSSH\;C:\Program Files\Intel\WiFi\bin\;C:\Program Files\Common Files\Intel\WirelessCommon\;C:\Program Files (x86)\Intel\Intel(R) Management Engine Components\DAL;C:\Program Files\Intel\Intel(R) Management Engine Components\DAL;C:\Program Files\Docker\Docker\resources\bin;C:\ProgramData\DockerDesktop\version-bin;C:\Program Files\HP\HP One Agent;C:\WINDOWS\system32;C:\WINDOWS;C:\WINDOWS\System32\Wbem;C:\WINDOWS\System32\WindowsPowerShell\v1.0\;C:\WINDOWS\System32\OpenSSH\;C:\Program Files (x86)\gnupg\bin;C:\Program Files\MiKTeX\miktex\bin\x64\;C:\Program Files\TortoiseSVN\bin;C:\Program Files\MiKTeXR\miktex\bin\x64\;C:\Program Files\Git\cmd;C:\Program Files (x86)\Gpg4win\..\GnuPG\bin;C:\Ruby40-x64\bin;C:\Program Files\Common Files\Oracle\Java\javapath;C:\WINDOWS\system32;C:\WINDOWS;C:\WINDOWS\System32\Wbem;C:\WINDOWS\System32\WindowsPowerShell\v1.0\;C:\WINDOWS\System32\OpenSSH\;C:\Program Files\Intel\WiFi\bin\;C:\Program Files\Common Files\Intel\WirelessCommon\;C:\Program Files (x86)\Intel\Intel(R) Management Engine Components\DAL;C:\Program Files\Intel\Intel(R) Management Engine Components\DAL;C:\Program Files\Docker\Docker\resources\bin;C:\ProgramData\DockerDesktop\version-bin;C:\Program Files\HP\HP One Agent;C:\WINDOWS\system32;C:\WINDOWS;C:\WINDOWS\System32\Wbem;C:\WINDOWS\System32\WindowsPowerShell\v1.0\;C:\WINDOWS\System32\OpenSSH\;C:\Program Files (x86)\gnupg\bin;C:\Program Files\MiKTeX\miktex\bin\x64\;C:\Program Files\TortoiseSVN\bin;C:\Program Files\MiKTeXR\miktex\bin\x64\;C:\Program Files\Git\cmd;C:\Program Files (x86)\Gpg4win\..\GnuPG\bin;C:\Users\priva\AppData\Local\Microsoft\WindowsApps;C:\Users\priva\AppData\Local\Programs\Microsoft VS Code\bin;C:\Program Files\PostgreSQL\13\bin;C:\Program Files\openjdk-15.0.1_windows-x64_bin\jdk-15.0.1\bin;C:\apache-maven-3.6.3-bin\apache-maven-3.6.3\bin;C:\Users\priva\AppData\Local\JetBrains\Toolbox\scripts;C:\Users\priva\AppData\Local\Microsoft\WindowsApps;C:\Program Files\JetBrains\PyCharm 2025.2.4\bin;C:\texlive\2025\bin\windows;C:\Users\priva\AppData\Local\GitHubDesktop\bin;C:\Program Files\TortoiseSVN\bin;C:\Users\priva\.local\bin;C:\Users\priva\AppData\Local\Programs\cursor\resources\app\bin;C:\Users\priva\AppData\Local\Programs\Antigravity\bin;C:\Program Files\JetBrains\PyCharm 2026.1.2\bin" LSAN_OPTIONS=detect_leaks=0 "gcc -o conftest.exe -IC:/Ruby40-x64/include/ruby-4.0.0/x64-mingw-ucrt -IC:/Ruby40-x64/include/ruby-4.0.0/ruby/backward -IC:/Ruby40-x64/include/ruby-4.0.0 -I. -D_WIN32_WINNT=0x0600 -D__MINGW_USE_VC2005_COMPAT -D_FILE_OFFSET_BITS=64  -O3 -fstack-protector-strong conftest.c -L. -LC:/Ruby40-x64/lib -L. -pipe -s -fstack-protector-strong -lpthread -Wl,--no-as-needed     -lx64-ucrt-ruby400  -lshell32 -lws2_32 -liphlpapi -limagehlp -lshlwapi -lbcrypt  "
checked program was:
/* begin */
 1: #include "ruby.h"
 2: 
 3: #include <winsock2.h>
 4: #include <windows.h>
 5: #include <ruby.h>
 6: 
 7: /*top*/
 8: extern int t(void);
 9: int main(int argc, char **argv)
10: {
11:   if (argc > 1000000) {
12:     int (* volatile tp)(void)=(int (*)(void))&t;
13:     printf("%d", (*tp)());
14:   }
15: 
16:   return !!argv[argc];
17: }
18: int t(void) { void ((*volatile p)()); p = (void ((*)()))rb_str_to_interned_str; return !p; }
/* end */

--------------------

have_func: checking for rb_hash_new_capa() in ruby.h... -------------------- yes

PATH=".;C:/Ruby40-x64/lib;C:\Ruby40-x64\bin;C:\Ruby40-x64\msys64\ucrt64\bin;C:\Ruby40-x64\msys64\usr\bin;C:\Program Files\Common Files\Oracle\Java\javapath;C:\WINDOWS\system32;C:\WINDOWS;C:\WINDOWS\System32\Wbem;C:\WINDOWS\System32\WindowsPowerShell\v1.0\;C:\WINDOWS\System32\OpenSSH\;C:\Program Files\Intel\WiFi\bin\;C:\Program Files\Common Files\Intel\WirelessCommon\;C:\Program Files (x86)\Intel\Intel(R) Management Engine Components\DAL;C:\Program Files\Intel\Intel(R) Management Engine Components\DAL;C:\Program Files\Docker\Docker\resources\bin;C:\ProgramData\DockerDesktop\version-bin;C:\Program Files\HP\HP One Agent;C:\WINDOWS\system32;C:\WINDOWS;C:\WINDOWS\System32\Wbem;C:\WINDOWS\System32\WindowsPowerShell\v1.0\;C:\WINDOWS\System32\OpenSSH\;C:\Program Files (x86)\gnupg\bin;C:\Program Files\MiKTeX\miktex\bin\x64\;C:\Program Files\TortoiseSVN\bin;C:\Program Files\MiKTeXR\miktex\bin\x64\;C:\Program Files\Git\cmd;C:\Program Files (x86)\Gpg4win\..\GnuPG\bin;C:\Ruby40-x64\bin;C:\Program Files\Common Files\Oracle\Java\javapath;C:\WINDOWS\system32;C:\WINDOWS;C:\WINDOWS\System32\Wbem;C:\WINDOWS\System32\WindowsPowerShell\v1.0\;C:\WINDOWS\System32\OpenSSH\;C:\Program Files\Intel\WiFi\bin\;C:\Program Files\Common Files\Intel\WirelessCommon\;C:\Program Files (x86)\Intel\Intel(R) Management Engine Components\DAL;C:\Program Files\Intel\Intel(R) Management Engine Components\DAL;C:\Program Files\Docker\Docker\resources\bin;C:\ProgramData\DockerDesktop\version-bin;C:\Program Files\HP\HP One Agent;C:\WINDOWS\system32;C:\WINDOWS;C:\WINDOWS\System32\Wbem;C:\WINDOWS\System32\WindowsPowerShell\v1.0\;C:\WINDOWS\System32\OpenSSH\;C:\Program Files (x86)\gnupg\bin;C:\Program Files\MiKTeX\miktex\bin\x64\;C:\Program Files\TortoiseSVN\bin;C:\Program Files\MiKTeXR\miktex\bin\x64\;C:\Program Files\Git\cmd;C:\Program Files (x86)\Gpg4win\..\GnuPG\bin;C:\Users\priva\AppData\Local\Microsoft\WindowsApps;C:\Users\priva\AppData\Local\Programs\Microsoft VS Code\bin;C:\Program Files\PostgreSQL\13\bin;C:\Program Files\openjdk-15.0.1_windows-x64_bin\jdk-15.0.1\bin;C:\apache-maven-3.6.3-bin\apache-maven-3.6.3\bin;C:\Users\priva\AppData\Local\JetBrains\Toolbox\scripts;C:\Users\priva\AppData\Local\Microsoft\WindowsApps;C:\Program Files\JetBrains\PyCharm 2025.2.4\bin;C:\texlive\2025\bin\windows;C:\Users\priva\AppData\Local\GitHubDesktop\bin;C:\Program Files\TortoiseSVN\bin;C:\Users\priva\.local\bin;C:\Users\priva\AppData\Local\Programs\cursor\resources\app\bin;C:\Users\priva\AppData\Local\Programs\Antigravity\bin;C:\Program Files\JetBrains\PyCharm 2026.1.2\bin" LSAN_OPTIONS=detect_leaks=0 "gcc -o conftest.exe -IC:/Ruby40-x64/include/ruby-4.0.0/x64-mingw-ucrt -IC:/Ruby40-x64/include/ruby-4.0.0/ruby/backward -IC:/Ruby40-x64/include/ruby-4.0.0 -I. -D_WIN32_WINNT=0x0600 -D__MINGW_USE_VC2005_COMPAT -D_FILE_OFFSET_BITS=64  -O3 -fstack-protector-strong conftest.c -L. -LC:/Ruby40-x64/lib -L. -pipe -s -fstack-protector-strong -lpthread -Wl,--no-as-needed     -lx64-ucrt-ruby400  -lshell32 -lws2_32 -liphlpapi -limagehlp -lshlwapi -lbcrypt  "
checked program was:
/* begin */
 1: #include "ruby.h"
 2: 
 3: #include <winsock2.h>
 4: #include <windows.h>
 5: #include <ruby.h>
 6: 
 7: /*top*/
 8: extern int t(void);
 9: int main(int argc, char **argv)
10: {
11:   if (argc > 1000000) {
12:     int (* volatile tp)(void)=(int (*)(void))&t;
13:     printf("%d", (*tp)());
14:   }
15: 
16:   return !!argv[argc];
17: }
18: int t(void) { void ((*volatile p)()); p = (void ((*)()))rb_hash_new_capa; return !p; }
/* end */

--------------------

have_func: checking for rb_hash_bulk_insert() in ruby.h... -------------------- yes

PATH=".;C:/Ruby40-x64/lib;C:\Ruby40-x64\bin;C:\Ruby40-x64\msys64\ucrt64\bin;C:\Ruby40-x64\msys64\usr\bin;C:\Program Files\Common Files\Oracle\Java\javapath;C:\WINDOWS\system32;C:\WINDOWS;C:\WINDOWS\System32\Wbem;C:\WINDOWS\System32\WindowsPowerShell\v1.0\;C:\WINDOWS\System32\OpenSSH\;C:\Program Files\Intel\WiFi\bin\;C:\Program Files\Common Files\Intel\WirelessCommon\;C:\Program Files (x86)\Intel\Intel(R) Management Engine Components\DAL;C:\Program Files\Intel\Intel(R) Management Engine Components\DAL;C:\Program Files\Docker\Docker\resources\bin;C:\ProgramData\DockerDesktop\version-bin;C:\Program Files\HP\HP One Agent;C:\WINDOWS\system32;C:\WINDOWS;C:\WINDOWS\System32\Wbem;C:\WINDOWS\System32\WindowsPowerShell\v1.0\;C:\WINDOWS\System32\OpenSSH\;C:\Program Files (x86)\gnupg\bin;C:\Program Files\MiKTeX\miktex\bin\x64\;C:\Program Files\TortoiseSVN\bin;C:\Program Files\MiKTeXR\miktex\bin\x64\;C:\Program Files\Git\cmd;C:\Program Files (x86)\Gpg4win\..\GnuPG\bin;C:\Ruby40-x64\bin;C:\Program Files\Common Files\Oracle\Java\javapath;C:\WINDOWS\system32;C:\WINDOWS;C:\WINDOWS\System32\Wbem;C:\WINDOWS\System32\WindowsPowerShell\v1.0\;C:\WINDOWS\System32\OpenSSH\;C:\Program Files\Intel\WiFi\bin\;C:\Program Files\Common Files\Intel\WirelessCommon\;C:\Program Files (x86)\Intel\Intel(R) Management Engine Components\DAL;C:\Program Files\Intel\Intel(R) Management Engine Components\DAL;C:\Program Files\Docker\Docker\resources\bin;C:\ProgramData\DockerDesktop\version-bin;C:\Program Files\HP\HP One Agent;C:\WINDOWS\system32;C:\WINDOWS;C:\WINDOWS\System32\Wbem;C:\WINDOWS\System32\WindowsPowerShell\v1.0\;C:\WINDOWS\System32\OpenSSH\;C:\Program Files (x86)\gnupg\bin;C:\Program Files\MiKTeX\miktex\bin\x64\;C:\Program Files\TortoiseSVN\bin;C:\Program Files\MiKTeXR\miktex\bin\x64\;C:\Program Files\Git\cmd;C:\Program Files (x86)\Gpg4win\..\GnuPG\bin;C:\Users\priva\AppData\Local\Microsoft\WindowsApps;C:\Users\priva\AppData\Local\Programs\Microsoft VS Code\bin;C:\Program Files\PostgreSQL\13\bin;C:\Program Files\openjdk-15.0.1_windows-x64_bin\jdk-15.0.1\bin;C:\apache-maven-3.6.3-bin\apache-maven-3.6.3\bin;C:\Users\priva\AppData\Local\JetBrains\Toolbox\scripts;C:\Users\priva\AppData\Local\Microsoft\WindowsApps;C:\Program Files\JetBrains\PyCharm 2025.2.4\bin;C:\texlive\2025\bin\windows;C:\Users\priva\AppData\Local\GitHubDesktop\bin;C:\Program Files\TortoiseSVN\bin;C:\Users\priva\.local\bin;C:\Users\priva\AppData\Local\Programs\cursor\resources\app\bin;C:\Users\priva\AppData\Local\Programs\Antigravity\bin;C:\Program Files\JetBrains\PyCharm 2026.1.2\bin" LSAN_OPTIONS=detect_leaks=0 "gcc -o conftest.exe -IC:/Ruby40-x64/include/ruby-4.0.0/x64-mingw-ucrt -IC:/Ruby40-x64/include/ruby-4.0.0/ruby/backward -IC:/Ruby40-x64/include/ruby-4.0.0 -I. -D_WIN32_WINNT=0x0600 -D__MINGW_USE_VC2005_COMPAT -D_FILE_OFFSET_BITS=64  -O3 -fstack-protector-strong conftest.c -L. -LC:/Ruby40-x64/lib -L. -pipe -s -fstack-protector-strong -lpthread -Wl,--no-as-needed     -lx64-ucrt-ruby400  -lshell32 -lws2_32 -liphlpapi -limagehlp -lshlwapi -lbcrypt  "
checked program was:
/* begin */
 1: #include "ruby.h"
 2: 
 3: #include <winsock2.h>
 4: #include <windows.h>
 5: #include <ruby.h>
 6: 
 7: /*top*/
 8: extern int t(void);
 9: int main(int argc, char **argv)
10: {
11:   if (argc > 1000000) {
12:     int (* volatile tp)(void)=(int (*)(void))&t;
13:     printf("%d", (*tp)());
14:   }
15: 
16:   return !!argv[argc];
17: }
18: int t(void) { void ((*volatile p)()); p = (void ((*)()))rb_hash_bulk_insert; return !p; }
/* end */

--------------------

have_const: checking for RUBY_TYPED_EMBEDDABLE in ruby.h... -------------------- yes

PATH=".;C:/Ruby40-x64/lib;C:\Ruby40-x64\bin;C:\Ruby40-x64\msys64\ucrt64\bin;C:\Ruby40-x64\msys64\usr\bin;C:\Program Files\Common Files\Oracle\Java\javapath;C:\WINDOWS\system32;C:\WINDOWS;C:\WINDOWS\System32\Wbem;C:\WINDOWS\System32\WindowsPowerShell\v1.0\;C:\WINDOWS\System32\OpenSSH\;C:\Program Files\Intel\WiFi\bin\;C:\Program Files\Common Files\Intel\WirelessCommon\;C:\Program Files (x86)\Intel\Intel(R) Management Engine Components\DAL;C:\Program Files\Intel\Intel(R) Management Engine Components\DAL;C:\Program Files\Docker\Docker\resources\bin;C:\ProgramData\DockerDesktop\version-bin;C:\Program Files\HP\HP One Agent;C:\WINDOWS\system32;C:\WINDOWS;C:\WINDOWS\System32\Wbem;C:\WINDOWS\System32\WindowsPowerShell\v1.0\;C:\WINDOWS\System32\OpenSSH\;C:\Program Files (x86)\gnupg\bin;C:\Program Files\MiKTeX\miktex\bin\x64\;C:\Program Files\TortoiseSVN\bin;C:\Program Files\MiKTeXR\miktex\bin\x64\;C:\Program Files\Git\cmd;C:\Program Files (x86)\Gpg4win\..\GnuPG\bin;C:\Ruby40-x64\bin;C:\Program Files\Common Files\Oracle\Java\javapath;C:\WINDOWS\system32;C:\WINDOWS;C:\WINDOWS\System32\Wbem;C:\WINDOWS\System32\WindowsPowerShell\v1.0\;C:\WINDOWS\System32\OpenSSH\;C:\Program Files\Intel\WiFi\bin\;C:\Program Files\Common Files\Intel\WirelessCommon\;C:\Program Files (x86)\Intel\Intel(R) Management Engine Components\DAL;C:\Program Files\Intel\Intel(R) Management Engine Components\DAL;C:\Program Files\Docker\Docker\resources\bin;C:\ProgramData\DockerDesktop\version-bin;C:\Program Files\HP\HP One Agent;C:\WINDOWS\system32;C:\WINDOWS;C:\WINDOWS\System32\Wbem;C:\WINDOWS\System32\WindowsPowerShell\v1.0\;C:\WINDOWS\System32\OpenSSH\;C:\Program Files (x86)\gnupg\bin;C:\Program Files\MiKTeX\miktex\bin\x64\;C:\Program Files\TortoiseSVN\bin;C:\Program Files\MiKTeXR\miktex\bin\x64\;C:\Program Files\Git\cmd;C:\Program Files (x86)\Gpg4win\..\GnuPG\bin;C:\Users\priva\AppData\Local\Microsoft\WindowsApps;C:\Users\priva\AppData\Local\Programs\Microsoft VS Code\bin;C:\Program Files\PostgreSQL\13\bin;C:\Program Files\openjdk-15.0.1_windows-x64_bin\jdk-15.0.1\bin;C:\apache-maven-3.6.3-bin\apache-maven-3.6.3\bin;C:\Users\priva\AppData\Local\JetBrains\Toolbox\scripts;C:\Users\priva\AppData\Local\Microsoft\WindowsApps;C:\Program Files\JetBrains\PyCharm 2025.2.4\bin;C:\texlive\2025\bin\windows;C:\Users\priva\AppData\Local\GitHubDesktop\bin;C:\Program Files\TortoiseSVN\bin;C:\Users\priva\.local\bin;C:\Users\priva\AppData\Local\Programs\cursor\resources\app\bin;C:\Users\priva\AppData\Local\Programs\Antigravity\bin;C:\Program Files\JetBrains\PyCharm 2026.1.2\bin" LSAN_OPTIONS=detect_leaks=0 "gcc -IC:/Ruby40-x64/include/ruby-4.0.0/x64-mingw-ucrt -IC:/Ruby40-x64/include/ruby-4.0.0/ruby/backward -IC:/Ruby40-x64/include/ruby-4.0.0 -I. -D_WIN32_WINNT=0x0600 -D__MINGW_USE_VC2005_COMPAT -D_FILE_OFFSET_BITS=64  -O3 -fstack-protector-strong   -c conftest.c"
checked program was:
/* begin */
1: #include "ruby.h"
2: 
3: #include <winsock2.h>
4: #include <windows.h>
5: #include <ruby.h>
6: 
7: /*top*/
8: typedef int conftest_type;
9: conftest_type conftestval = (int)RUBY_TYPED_EMBEDDABLE;
/* end */

--------------------

append_cflags: checking for whether -std=c99 is accepted as CFLAGS... -------------------- yes

PATH=".;C:/Ruby40-x64/lib;C:\Ruby40-x64\bin;C:\Ruby40-x64\msys64\ucrt64\bin;C:\Ruby40-x64\msys64\usr\bin;C:\Program Files\Common Files\Oracle\Java\javapath;C:\WINDOWS\system32;C:\WINDOWS;C:\WINDOWS\System32\Wbem;C:\WINDOWS\System32\WindowsPowerShell\v1.0\;C:\WINDOWS\System32\OpenSSH\;C:\Program Files\Intel\WiFi\bin\;C:\Program Files\Common Files\Intel\WirelessCommon\;C:\Program Files (x86)\Intel\Intel(R) Management Engine Components\DAL;C:\Program Files\Intel\Intel(R) Management Engine Components\DAL;C:\Program Files\Docker\Docker\resources\bin;C:\ProgramData\DockerDesktop\version-bin;C:\Program Files\HP\HP One Agent;C:\WINDOWS\system32;C:\WINDOWS;C:\WINDOWS\System32\Wbem;C:\WINDOWS\System32\WindowsPowerShell\v1.0\;C:\WINDOWS\System32\OpenSSH\;C:\Program Files (x86)\gnupg\bin;C:\Program Files\MiKTeX\miktex\bin\x64\;C:\Program Files\TortoiseSVN\bin;C:\Program Files\MiKTeXR\miktex\bin\x64\;C:\Program Files\Git\cmd;C:\Program Files (x86)\Gpg4win\..\GnuPG\bin;C:\Ruby40-x64\bin;C:\Program Files\Common Files\Oracle\Java\javapath;C:\WINDOWS\system32;C:\WINDOWS;C:\WINDOWS\System32\Wbem;C:\WINDOWS\System32\WindowsPowerShell\v1.0\;C:\WINDOWS\System32\OpenSSH\;C:\Program Files\Intel\WiFi\bin\;C:\Program Files\Common Files\Intel\WirelessCommon\;C:\Program Files (x86)\Intel\Intel(R) Management Engine Components\DAL;C:\Program Files\Intel\Intel(R) Management Engine Components\DAL;C:\Program Files\Docker\Docker\resources\bin;C:\ProgramData\DockerDesktop\version-bin;C:\Program Files\HP\HP One Agent;C:\WINDOWS\system32;C:\WINDOWS;C:\WINDOWS\System32\Wbem;C:\WINDOWS\System32\WindowsPowerShell\v1.0\;C:\WINDOWS\System32\OpenSSH\;C:\Program Files (x86)\gnupg\bin;C:\Program Files\MiKTeX\miktex\bin\x64\;C:\Program Files\TortoiseSVN\bin;C:\Program Files\MiKTeXR\miktex\bin\x64\;C:\Program Files\Git\cmd;C:\Program Files (x86)\Gpg4win\..\GnuPG\bin;C:\Users\priva\AppData\Local\Microsoft\WindowsApps;C:\Users\priva\AppData\Local\Programs\Microsoft VS Code\bin;C:\Program Files\PostgreSQL\13\bin;C:\Program Files\openjdk-15.0.1_windows-x64_bin\jdk-15.0.1\bin;C:\apache-maven-3.6.3-bin\apache-maven-3.6.3\bin;C:\Users\priva\AppData\Local\JetBrains\Toolbox\scripts;C:\Users\priva\AppData\Local\Microsoft\WindowsApps;C:\Program Files\JetBrains\PyCharm 2025.2.4\bin;C:\texlive\2025\bin\windows;C:\Users\priva\AppData\Local\GitHubDesktop\bin;C:\Program Files\TortoiseSVN\bin;C:\Users\priva\.local\bin;C:\Users\priva\AppData\Local\Programs\cursor\resources\app\bin;C:\Users\priva\AppData\Local\Programs\Antigravity\bin;C:\Program Files\JetBrains\PyCharm 2026.1.2\bin" LSAN_OPTIONS=detect_leaks=0 "gcc -IC:/Ruby40-x64/include/ruby-4.0.0/x64-mingw-ucrt -IC:/Ruby40-x64/include/ruby-4.0.0/ruby/backward -IC:/Ruby40-x64/include/ruby-4.0.0 -I. -D_WIN32_WINNT=0x0600 -D__MINGW_USE_VC2005_COMPAT -D_FILE_OFFSET_BITS=64  -O3 -fstack-protector-strong  -std=c99 -Werror -c conftest.c"
checked program was:
/* begin */
1: #include "ruby.h"
2: 
3: #include <winsock2.h>
4: #include <windows.h>
5: int main(int argc, char **argv)
6: {
7:   return !!argv[argc];
8: }
/* end */

--------------------

have_header: checking for x86intrin.h... -------------------- yes

PATH=".;C:/Ruby40-x64/lib;C:\Ruby40-x64\bin;C:\Ruby40-x64\msys64\ucrt64\bin;C:\Ruby40-x64\msys64\usr\bin;C:\Program Files\Common Files\Oracle\Java\javapath;C:\WINDOWS\system32;C:\WINDOWS;C:\WINDOWS\System32\Wbem;C:\WINDOWS\System32\WindowsPowerShell\v1.0\;C:\WINDOWS\System32\OpenSSH\;C:\Program Files\Intel\WiFi\bin\;C:\Program Files\Common Files\Intel\WirelessCommon\;C:\Program Files (x86)\Intel\Intel(R) Management Engine Components\DAL;C:\Program Files\Intel\Intel(R) Management Engine Components\DAL;C:\Program Files\Docker\Docker\resources\bin;C:\ProgramData\DockerDesktop\version-bin;C:\Program Files\HP\HP One Agent;C:\WINDOWS\system32;C:\WINDOWS;C:\WINDOWS\System32\Wbem;C:\WINDOWS\System32\WindowsPowerShell\v1.0\;C:\WINDOWS\System32\OpenSSH\;C:\Program Files (x86)\gnupg\bin;C:\Program Files\MiKTeX\miktex\bin\x64\;C:\Program Files\TortoiseSVN\bin;C:\Program Files\MiKTeXR\miktex\bin\x64\;C:\Program Files\Git\cmd;C:\Program Files (x86)\Gpg4win\..\GnuPG\bin;C:\Ruby40-x64\bin;C:\Program Files\Common Files\Oracle\Java\javapath;C:\WINDOWS\system32;C:\WINDOWS;C:\WINDOWS\System32\Wbem;C:\WINDOWS\System32\WindowsPowerShell\v1.0\;C:\WINDOWS\System32\OpenSSH\;C:\Program Files\Intel\WiFi\bin\;C:\Program Files\Common Files\Intel\WirelessCommon\;C:\Program Files (x86)\Intel\Intel(R) Management Engine Components\DAL;C:\Program Files\Intel\Intel(R) Management Engine Components\DAL;C:\Program Files\Docker\Docker\resources\bin;C:\ProgramData\DockerDesktop\version-bin;C:\Program Files\HP\HP One Agent;C:\WINDOWS\system32;C:\WINDOWS;C:\WINDOWS\System32\Wbem;C:\WINDOWS\System32\WindowsPowerShell\v1.0\;C:\WINDOWS\System32\OpenSSH\;C:\Program Files (x86)\gnupg\bin;C:\Program Files\MiKTeX\miktex\bin\x64\;C:\Program Files\TortoiseSVN\bin;C:\Program Files\MiKTeXR\miktex\bin\x64\;C:\Program Files\Git\cmd;C:\Program Files (x86)\Gpg4win\..\GnuPG\bin;C:\Users\priva\AppData\Local\Microsoft\WindowsApps;C:\Users\priva\AppData\Local\Programs\Microsoft VS Code\bin;C:\Program Files\PostgreSQL\13\bin;C:\Program Files\openjdk-15.0.1_windows-x64_bin\jdk-15.0.1\bin;C:\apache-maven-3.6.3-bin\apache-maven-3.6.3\bin;C:\Users\priva\AppData\Local\JetBrains\Toolbox\scripts;C:\Users\priva\AppData\Local\Microsoft\WindowsApps;C:\Program Files\JetBrains\PyCharm 2025.2.4\bin;C:\texlive\2025\bin\windows;C:\Users\priva\AppData\Local\GitHubDesktop\bin;C:\Program Files\TortoiseSVN\bin;C:\Users\priva\.local\bin;C:\Users\priva\AppData\Local\Programs\cursor\resources\app\bin;C:\Users\priva\AppData\Local\Programs\Antigravity\bin;C:\Program Files\JetBrains\PyCharm 2026.1.2\bin" LSAN_OPTIONS=detect_leaks=0 "gcc -IC:/Ruby40-x64/include/ruby-4.0.0/x64-mingw-ucrt -IC:/Ruby40-x64/include/ruby-4.0.0/ruby/backward -IC:/Ruby40-x64/include/ruby-4.0.0 -I. -D_WIN32_WINNT=0x0600 -D__MINGW_USE_VC2005_COMPAT -D_FILE_OFFSET_BITS=64  -O3 -fstack-protector-strong -std=c99   -c conftest.c"
checked program was:
/* begin */
1: #include "ruby.h"
2: 
3: #include <winsock2.h>
4: #include <windows.h>
5: #include <x86intrin.h>
/* end */

--------------------

PATH=".;C:/Ruby40-x64/lib;C:\Ruby40-x64\bin;C:\Ruby40-x64\msys64\ucrt64\bin;C:\Ruby40-x64\msys64\usr\bin;C:\Program Files\Common Files\Oracle\Java\javapath;C:\WINDOWS\system32;C:\WINDOWS;C:\WINDOWS\System32\Wbem;C:\WINDOWS\System32\WindowsPowerShell\v1.0\;C:\WINDOWS\System32\OpenSSH\;C:\Program Files\Intel\WiFi\bin\;C:\Program Files\Common Files\Intel\WirelessCommon\;C:\Program Files (x86)\Intel\Intel(R) Management Engine Components\DAL;C:\Program Files\Intel\Intel(R) Management Engine Components\DAL;C:\Program Files\Docker\Docker\resources\bin;C:\ProgramData\DockerDesktop\version-bin;C:\Program Files\HP\HP One Agent;C:\WINDOWS\system32;C:\WINDOWS;C:\WINDOWS\System32\Wbem;C:\WINDOWS\System32\WindowsPowerShell\v1.0\;C:\WINDOWS\System32\OpenSSH\;C:\Program Files (x86)\gnupg\bin;C:\Program Files\MiKTeX\miktex\bin\x64\;C:\Program Files\TortoiseSVN\bin;C:\Program Files\MiKTeXR\miktex\bin\x64\;C:\Program Files\Git\cmd;C:\Program Files (x86)\Gpg4win\..\GnuPG\bin;C:\Ruby40-x64\bin;C:\Program Files\Common Files\Oracle\Java\javapath;C:\WINDOWS\system32;C:\WINDOWS;C:\WINDOWS\System32\Wbem;C:\WINDOWS\System32\WindowsPowerShell\v1.0\;C:\WINDOWS\System32\OpenSSH\;C:\Program Files\Intel\WiFi\bin\;C:\Program Files\Common Files\Intel\WirelessCommon\;C:\Program Files (x86)\Intel\Intel(R) Management Engine Components\DAL;C:\Program Files\Intel\Intel(R) Management Engine Components\DAL;C:\Program Files\Docker\Docker\resources\bin;C:\ProgramData\DockerDesktop\version-bin;C:\Program Files\HP\HP One Agent;C:\WINDOWS\system32;C:\WINDOWS;C:\WINDOWS\System32\Wbem;C:\WINDOWS\System32\WindowsPowerShell\v1.0\;C:\WINDOWS\System32\OpenSSH\;C:\Program Files (x86)\gnupg\bin;C:\Program Files\MiKTeX\miktex\bin\x64\;C:\Program Files\TortoiseSVN\bin;C:\Program Files\MiKTeXR\miktex\bin\x64\;C:\Program Files\Git\cmd;C:\Program Files (x86)\Gpg4win\..\GnuPG\bin;C:\Users\priva\AppData\Local\Microsoft\WindowsApps;C:\Users\priva\AppData\Local\Programs\Microsoft VS Code\bin;C:\Program Files\PostgreSQL\13\bin;C:\Program Files\openjdk-15.0.1_windows-x64_bin\jdk-15.0.1\bin;C:\apache-maven-3.6.3-bin\apache-maven-3.6.3\bin;C:\Users\priva\AppData\Local\JetBrains\Toolbox\scripts;C:\Users\priva\AppData\Local\Microsoft\WindowsApps;C:\Program Files\JetBrains\PyCharm 2025.2.4\bin;C:\texlive\2025\bin\windows;C:\Users\priva\AppData\Local\GitHubDesktop\bin;C:\Program Files\TortoiseSVN\bin;C:\Users\priva\.local\bin;C:\Users\priva\AppData\Local\Programs\cursor\resources\app\bin;C:\Users\priva\AppData\Local\Programs\Antigravity\bin;C:\Program Files\JetBrains\PyCharm 2026.1.2\bin" LSAN_OPTIONS=detect_leaks=0 "gcc -IC:/Ruby40-x64/include/ruby-4.0.0/x64-mingw-ucrt -IC:/Ruby40-x64/include/ruby-4.0.0/ruby/backward -IC:/Ruby40-x64/include/ruby-4.0.0 -I. -D_WIN32_WINNT=0x0600 -D__MINGW_USE_VC2005_COMPAT -D_FILE_OFFSET_BITS=64  -O3 -fstack-protector-strong -std=c99  -Werror=implicit-function-declaration -c conftest.c"
checked program was:
/* begin */
 1: #include "ruby.h"
 2: 
 3: #include <winsock2.h>
 4: #include <windows.h>
 5: #include <x86intrin.h>
 6: 
 7: int main(int argc, char **argv) {
 8:   __m128i test = _mm_set1_epi8(32);
 9:   if (__builtin_cpu_supports("sse2")) { printf("OK"); }
10:   if (argc > 100000) printf("%p", &test);
11:   return 0;
12: }
/* end */

have_header: checking for cpuid.h... -------------------- yes

PATH=".;C:/Ruby40-x64/lib;C:\Ruby40-x64\bin;C:\Ruby40-x64\msys64\ucrt64\bin;C:\Ruby40-x64\msys64\usr\bin;C:\Program Files\Common Files\Oracle\Java\javapath;C:\WINDOWS\system32;C:\WINDOWS;C:\WINDOWS\System32\Wbem;C:\WINDOWS\System32\WindowsPowerShell\v1.0\;C:\WINDOWS\System32\OpenSSH\;C:\Program Files\Intel\WiFi\bin\;C:\Program Files\Common Files\Intel\WirelessCommon\;C:\Program Files (x86)\Intel\Intel(R) Management Engine Components\DAL;C:\Program Files\Intel\Intel(R) Management Engine Components\DAL;C:\Program Files\Docker\Docker\resources\bin;C:\ProgramData\DockerDesktop\version-bin;C:\Program Files\HP\HP One Agent;C:\WINDOWS\system32;C:\WINDOWS;C:\WINDOWS\System32\Wbem;C:\WINDOWS\System32\WindowsPowerShell\v1.0\;C:\WINDOWS\System32\OpenSSH\;C:\Program Files (x86)\gnupg\bin;C:\Program Files\MiKTeX\miktex\bin\x64\;C:\Program Files\TortoiseSVN\bin;C:\Program Files\MiKTeXR\miktex\bin\x64\;C:\Program Files\Git\cmd;C:\Program Files (x86)\Gpg4win\..\GnuPG\bin;C:\Ruby40-x64\bin;C:\Program Files\Common Files\Oracle\Java\javapath;C:\WINDOWS\system32;C:\WINDOWS;C:\WINDOWS\System32\Wbem;C:\WINDOWS\System32\WindowsPowerShell\v1.0\;C:\WINDOWS\System32\OpenSSH\;C:\Program Files\Intel\WiFi\bin\;C:\Program Files\Common Files\Intel\WirelessCommon\;C:\Program Files (x86)\Intel\Intel(R) Management Engine Components\DAL;C:\Program Files\Intel\Intel(R) Management Engine Components\DAL;C:\Program Files\Docker\Docker\resources\bin;C:\ProgramData\DockerDesktop\version-bin;C:\Program Files\HP\HP One Agent;C:\WINDOWS\system32;C:\WINDOWS;C:\WINDOWS\System32\Wbem;C:\WINDOWS\System32\WindowsPowerShell\v1.0\;C:\WINDOWS\System32\OpenSSH\;C:\Program Files (x86)\gnupg\bin;C:\Program Files\MiKTeX\miktex\bin\x64\;C:\Program Files\TortoiseSVN\bin;C:\Program Files\MiKTeXR\miktex\bin\x64\;C:\Program Files\Git\cmd;C:\Program Files (x86)\Gpg4win\..\GnuPG\bin;C:\Users\priva\AppData\Local\Microsoft\WindowsApps;C:\Users\priva\AppData\Local\Programs\Microsoft VS Code\bin;C:\Program Files\PostgreSQL\13\bin;C:\Program Files\openjdk-15.0.1_windows-x64_bin\jdk-15.0.1\bin;C:\apache-maven-3.6.3-bin\apache-maven-3.6.3\bin;C:\Users\priva\AppData\Local\JetBrains\Toolbox\scripts;C:\Users\priva\AppData\Local\Microsoft\WindowsApps;C:\Program Files\JetBrains\PyCharm 2025.2.4\bin;C:\texlive\2025\bin\windows;C:\Users\priva\AppData\Local\GitHubDesktop\bin;C:\Program Files\TortoiseSVN\bin;C:\Users\priva\.local\bin;C:\Users\priva\AppData\Local\Programs\cursor\resources\app\bin;C:\Users\priva\AppData\Local\Programs\Antigravity\bin;C:\Program Files\JetBrains\PyCharm 2026.1.2\bin" LSAN_OPTIONS=detect_leaks=0 "gcc -IC:/Ruby40-x64/include/ruby-4.0.0/x64-mingw-ucrt -IC:/Ruby40-x64/include/ruby-4.0.0/ruby/backward -IC:/Ruby40-x64/include/ruby-4.0.0 -I. -D_WIN32_WINNT=0x0600 -D__MINGW_USE_VC2005_COMPAT -D_FILE_OFFSET_BITS=64  -O3 -fstack-protector-strong -std=c99   -c conftest.c"
checked program was:
/* begin */
1: #include "ruby.h"
2: 
3: #include <winsock2.h>
4: #include <windows.h>
5: #include <cpuid.h>
/* end */

--------------------

